\BOOKMARK [0][-]{Doc-Start}{\376\377\000R\000e\000s\000u\000m\000e\000n}{}% 1
\BOOKMARK [0][-]{Doc-Start}{\376\377\000A\000b\000s\000t\000r\000a\000c\000t}{}% 2
\BOOKMARK [0][-]{chapter*.2}{\376\377\000\315\000n\000d\000i\000c\000e\000\040\000d\000e\000\040\000f\000i\000g\000u\000r\000a\000s}{}% 3
\BOOKMARK [0][-]{chapter*.3}{\376\377\000\315\000n\000d\000i\000c\000e\000\040\000d\000e\000\040\000t\000a\000b\000l\000a\000s}{}% 4
\BOOKMARK [0][-]{chapter*.3}{\376\377\000A\000c\000r\000\363\000n\000i\000m\000o\000s\000\040\000y\000\040\000s\000\355\000m\000b\000o\000l\000o\000s}{}% 5
\BOOKMARK [0][-]{chapter.1}{\376\377\000I\000n\000t\000r\000o\000d\000u\000c\000c\000i\000\363\000n}{}% 6
\BOOKMARK [1][-]{section.1.1}{\376\377\000M\000o\000t\000i\000v\000a\000c\000i\000\363\000n}{chapter.1}% 7
\BOOKMARK [1][-]{section.1.2}{\376\377\000D\000e\000f\000i\000n\000i\000c\000i\000\363\000n\000\040\000d\000e\000l\000\040\000p\000r\000o\000b\000l\000e\000m\000a}{chapter.1}% 8
\BOOKMARK [1][-]{section.1.3}{\376\377\000O\000b\000j\000e\000t\000i\000v\000o\000s}{chapter.1}% 9
\BOOKMARK [2][-]{subsection.1.3.1}{\376\377\000O\000b\000j\000e\000t\000i\000v\000o\000\040\000G\000e\000n\000e\000r\000a\000l}{section.1.3}% 10
\BOOKMARK [2][-]{subsection.1.3.2}{\376\377\000O\000b\000j\000e\000t\000i\000v\000o\000s\000\040\000E\000s\000p\000e\000c\000\355\000f\000i\000c\000o\000s}{section.1.3}% 11
\BOOKMARK [1][-]{section.1.4}{\376\377\000H\000i\000p\000\363\000t\000e\000s\000i\000s}{chapter.1}% 12
\BOOKMARK [1][-]{section.1.5}{\376\377\000F\000u\000n\000d\000a\000m\000e\000n\000t\000a\000c\000i\000\363\000n\000.}{chapter.1}% 13
\BOOKMARK [1][-]{section.1.6}{\376\377\000D\000e\000l\000i\000m\000i\000t\000a\000c\000i\000\363\000n\000\040\000d\000e\000l\000\040\000T\000r\000a\000b\000a\000j\000o\000.}{chapter.1}% 14
\BOOKMARK [0][-]{chapter.2}{\376\377\000C\000o\000n\000c\000e\000p\000t\000o\000s\000\040\000f\000u\000n\000d\000a\000m\000e\000n\000t\000a\000l\000e\000s\000,\000\040\000t\000e\000o\000r\000\355\000a\000s\000\040\000y\000\040\000a\000n\000t\000e\000c\000e\000d\000e\000n\000t\000e\000s}{}% 15
\BOOKMARK [1][-]{section.2.1}{\376\377\000B\000i\000o\000m\000e\000t\000r\000\355\000a}{chapter.2}% 16
\BOOKMARK [2][-]{subsection.2.1.1}{\376\377\000H\000i\000s\000t\000o\000r\000i\000a\000\040\000d\000e\000\040\000l\000a\000\040\000b\000i\000o\000m\000e\000t\000r\000\355\000a}{section.2.1}% 17
\BOOKMARK [2][-]{subsection.2.1.2}{\376\377\000C\000o\000n\000c\000e\000p\000t\000o\000\040\000d\000e\000\040\000S\000e\000g\000u\000r\000i\000d\000a\000d\000\040\000B\000i\000o\000m\000\351\000t\000r\000i\000c\000a}{section.2.1}% 18
\BOOKMARK [1][-]{section.2.2}{\376\377\000R\000e\000c\000o\000n\000o\000c\000i\000m\000i\000e\000n\000t\000o\000\040\000F\000a\000c\000i\000a\000l}{chapter.2}% 19
\BOOKMARK [2][-]{subsection.2.2.1}{\376\377\000H\000i\000s\000t\000o\000r\000i\000a\000\040\000d\000e\000\040\000R\000e\000c\000o\000n\000o\000c\000i\000m\000i\000e\000n\000t\000o\000\040\000F\000a\000c\000i\000a\000l}{section.2.2}% 20
\BOOKMARK [2][-]{subsection.2.2.2}{\376\377\000C\000o\000n\000c\000e\000p\000t\000o\000\040\000d\000e\000l\000\040\000R\000e\000c\000o\000n\000o\000c\000i\000m\000i\000e\000n\000t\000o\000\040\000F\000a\000c\000i\000a\000l}{section.2.2}% 21
\BOOKMARK [2][-]{subsection.2.2.3}{\376\377\000F\000u\000n\000c\000i\000o\000n\000a\000m\000i\000e\000n\000t\000o\000\040\000d\000e\000l\000\040\000R\000e\000c\000o\000n\000o\000c\000i\000m\000i\000e\000n\000t\000o\000\040\000F\000a\000c\000i\000a\000l}{section.2.2}% 22
\BOOKMARK [2][-]{subsection.2.2.4}{\376\377\000A\000p\000l\000i\000c\000a\000c\000i\000o\000n\000e\000s\000\040\000d\000e\000\040\000l\000o\000s\000\040\000s\000i\000s\000t\000e\000m\000a\000s\000\040\000d\000e\000\040\000r\000e\000c\000o\000n\000o\000c\000i\000m\000i\000e\000n\000t\000o\000\040\000f\000a\000c\000i\000a\000l\000.}{section.2.2}% 23
\BOOKMARK [2][-]{subsection.2.2.5}{\376\377\000P\000r\000e\000c\000i\000s\000i\000\363\000n\000\040\000d\000e\000l\000\040\000R\000e\000c\000o\000n\000o\000c\000i\000m\000i\000e\000n\000t\000o\000\040\000F\000a\000c\000i\000a\000l}{section.2.2}% 24
\BOOKMARK [1][-]{section.2.3}{\376\377\000I\000n\000t\000e\000l\000i\000g\000e\000n\000c\000i\000a\000\040\000A\000r\000t\000i\000f\000i\000c\000i\000a\000l}{chapter.2}% 25
\BOOKMARK [2][-]{subsection.2.3.1}{\376\377\000C\000o\000n\000c\000e\000p\000t\000o\000\040\000d\000e\000\040\000l\000a\000\040\000I\000n\000t\000e\000l\000i\000g\000e\000n\000c\000i\000a\000\040\000A\000r\000t\000i\000f\000i\000c\000i\000a\000l}{section.2.3}% 26
\BOOKMARK [2][-]{subsection.2.3.2}{\376\377\000A\000p\000r\000e\000n\000d\000i\000z\000a\000j\000e\000\040\000A\000u\000t\000o\000m\000\341\000t\000i\000c\000o\000\040\000\050\000M\000a\000c\000h\000i\000n\000e\000\040\000L\000e\000a\000r\000n\000i\000n\000g\000\051}{section.2.3}% 27
\BOOKMARK [2][-]{subsection.2.3.3}{\376\377\000A\000p\000r\000e\000n\000d\000i\000z\000a\000j\000e\000\040\000P\000r\000o\000f\000u\000n\000d\000o\000\040\000\050\000D\000e\000e\000p\000\040\000L\000e\000a\000r\000n\000i\000n\000g\000\051}{section.2.3}% 28
\BOOKMARK [2][-]{subsection.2.3.4}{\376\377\000R\000e\000d\000e\000s\000\040\000N\000e\000u\000r\000o\000n\000a\000l\000e\000s\000\040\000A\000r\000t\000i\000f\000i\000c\000i\000a\000l\000e\000s}{section.2.3}% 29
\BOOKMARK [2][-]{subsection.2.3.5}{\376\377\000T\000i\000p\000o\000s\000\040\000C\000o\000m\000u\000n\000e\000s\000\040\000d\000e\000\040\000r\000e\000d\000e\000s\000\040\000n\000e\000u\000r\000o\000n\000a\000l\000e\000s\000\040\000a\000r\000t\000i\000f\000i\000c\000i\000a\000l\000e\000s}{section.2.3}% 30
\BOOKMARK [2][-]{subsection.2.3.6}{\376\377\000V\000i\000s\000i\000\363\000n\000\040\000p\000o\000r\000\040\000C\000o\000m\000p\000u\000t\000a\000d\000o\000r\000a}{section.2.3}% 31
\BOOKMARK [1][-]{section.2.4}{\376\377\000R\000e\000g\000i\000s\000t\000r\000o\000s\000\040\000A\000c\000a\000d\000\351\000m\000i\000c\000o\000s\000.}{chapter.2}% 32
\BOOKMARK [2][-]{subsection.2.4.1}{\376\377\000C\000o\000n\000c\000e\000p\000t\000o\000\040\000d\000e\000\040\000R\000e\000g\000i\000s\000t\000r\000o\000s\000\040\000A\000c\000a\000d\000\351\000m\000i\000c\000o\000s\000.}{section.2.4}% 33
\BOOKMARK [2][-]{subsection.2.4.2}{\376\377\000\277\000Q\000u\000\351\000\040\000c\000o\000n\000t\000i\000e\000n\000e\000n\000\040\000l\000o\000s\000\040\000r\000e\000g\000i\000s\000t\000r\000o\000s\000\040\000a\000c\000a\000d\000\351\000m\000i\000c\000o\000s}{section.2.4}% 34
\BOOKMARK [2][-]{subsection.2.4.3}{\376\377\000\277\000P\000a\000r\000a\000\040\000q\000u\000\351\000\040\000s\000i\000r\000v\000e\000n\000\040\000l\000o\000s\000\040\000r\000e\000g\000i\000s\000t\000r\000o\000s\000\040\000a\000c\000a\000d\000\351\000m\000i\000c\000o\000s\000?}{section.2.4}% 35
\BOOKMARK [2][-]{subsection.2.4.4}{\376\377\000I\000m\000p\000o\000r\000t\000a\000n\000c\000i\000a\000\040\000d\000e\000\040\000l\000o\000s\000\040\000r\000e\000g\000i\000s\000t\000r\000o\000s\000\040\000a\000c\000a\000d\000\351\000m\000i\000c\000o\000s\000.}{section.2.4}% 36
\BOOKMARK [1][-]{section.2.5}{\376\377\000A\000n\000t\000e\000c\000e\000d\000e\000n\000t\000e\000s}{chapter.2}% 37
\BOOKMARK [0][-]{chapter.3}{\376\377\000H\000e\000r\000r\000a\000m\000i\000e\000n\000t\000a\000s\000\040\000T\000e\000c\000n\000o\000l\000o\000g\000i\000c\000a\000s}{}% 38
\BOOKMARK [1][-]{section.3.1}{\376\377\000S\000e\000l\000e\000c\000c\000i\000o\000n\000\040\000d\000e\000\040\000H\000e\000r\000r\000a\000m\000i\000e\000n\000t\000a\000s}{chapter.3}% 39
\BOOKMARK [2][-]{subsection.3.1.1}{\376\377\000F\000i\000g\000m\000a}{section.3.1}% 40
\BOOKMARK [2][-]{subsection.3.1.2}{\376\377\000P\000y\000t\000h\000o\000n}{section.3.1}% 41
\BOOKMARK [2][-]{subsection.3.1.3}{\376\377\000J\000a\000v\000a\000S\000c\000r\000i\000p\000t}{section.3.1}% 42
\BOOKMARK [2][-]{subsection.3.1.4}{\376\377\000S\000Q\000L}{section.3.1}% 43
\BOOKMARK [2][-]{subsection.3.1.5}{\376\377\000P\000o\000s\000t\000g\000r\000e\000s}{section.3.1}% 44
\BOOKMARK [2][-]{subsection.3.1.6}{\376\377\000G\000i\000t}{section.3.1}% 45
\BOOKMARK [1][-]{section.3.2}{\376\377\000E\000n\000t\000o\000r\000n\000o\000\040\000d\000e\000\040\000d\000e\000s\000s\000a\000r\000r\000o\000l\000l\000o\000\040\000d\000e\000l\000\040\000m\000o\000d\000e\000l\000o}{chapter.3}% 46
\BOOKMARK [2][-]{subsection.3.2.1}{\376\377\000V\000i\000s\000u\000a\000l\000\040\000S\000t\000u\000d\000i\000o\000\040\000C\000o\000d\000e}{section.3.2}% 47
\BOOKMARK [2][-]{subsection.3.2.2}{\376\377\000\040\000G\000i\000t\000H\000u\000b\000\040\000D\000e\000s\000k\000t\000o\000p}{section.3.2}% 48
\BOOKMARK [1][-]{section.3.3}{\376\377\000L\000i\000b\000r\000e\000r\000i\000a\000s\000\040\000u\000t\000i\000l\000i\000z\000a\000d\000a\000s}{chapter.3}% 49
\BOOKMARK [2][-]{subsection.3.3.1}{\376\377\000R\000e\000a\000c\000t}{section.3.3}% 50
\BOOKMARK [2][-]{subsection.3.3.2}{\376\377\000F\000l\000a\000s\000k}{section.3.3}% 51
\BOOKMARK [2][-]{subsection.3.3.3}{\376\377\000Y\000O\000L\000O}{section.3.3}% 52
\BOOKMARK [2][-]{subsection.3.3.4}{\376\377\000A\000r\000c\000F\000a\000c\000e}{section.3.3}% 53
\BOOKMARK [0][-]{chapter.4}{\376\377\000M\000\351\000t\000o\000d\000o}{}% 54
\BOOKMARK [1][-]{section.4.1}{\376\377\000E\000n\000f\000o\000q\000u\000e}{chapter.4}% 55
\BOOKMARK [1][-]{section.4.2}{\376\377\000M\000\351\000t\000o\000d\000o\000\040\000u\000t\000i\000l\000i\000z\000a\000d\000o\000\040\000p\000a\000r\000a\000\040\000e\000l\000\040\000d\000e\000s\000a\000r\000r\000o\000l\000l\000o}{chapter.4}% 56
\BOOKMARK [1][-]{section.4.3}{\376\377\000F\000a\000s\000e\000s\000\040\000d\000e\000l\000\040\000P\000r\000o\000c\000e\000s\000o\000\040\000I\000n\000v\000e\000s\000t\000i\000g\000a\000t\000i\000v\000o}{chapter.4}% 57
\BOOKMARK [1][-]{section.4.4}{\376\377\000A\000n\000\341\000l\000i\000s\000i\000s\000\040\000y\000\040\000s\000e\000l\000e\000c\000c\000i\000\363\000n\000\040\000d\000e\000\040\000h\000e\000r\000r\000a\000m\000i\000e\000n\000t\000a\000s}{chapter.4}% 58
\BOOKMARK [1][-]{section.4.5}{\376\377\000R\000e\000c\000o\000l\000e\000c\000c\000i\000\363\000n\000\040\000d\000e\000\040\000d\000a\000t\000o\000s}{chapter.4}% 59
\BOOKMARK [0][-]{chapter.5}{\376\377\000R\000e\000s\000u\000l\000t\000a\000d\000o\000s}{}% 60
\BOOKMARK [1][-]{section.5.1}{\376\377\000F\000i\000g\000u\000r\000a\000s\000\040\000y\000\040\000T\000a\000b\000l\000a\000s}{chapter.5}% 61
\BOOKMARK [2][-]{subsection.5.1.1}{\376\377\000E\000r\000r\000o\000r\000e\000s\000\040\000d\000e\000t\000e\000c\000t\000a\000d\000o\000s\000\040\000y\000\040\000a\000j\000u\000s\000t\000e\000s\000\040\000a\000p\000l\000i\000c\000a\000d\000o\000s}{section.5.1}% 62
\BOOKMARK [2][-]{subsection.5.1.2}{\376\377\000C\000o\000n\000f\000i\000g\000u\000r\000a\000c\000i\000o\000n\000e\000s\000\040\000a\000p\000l\000i\000c\000a\000d\000a\000s\000\040\000y\000\040\000r\000e\000s\000u\000l\000t\000a\000d\000o\000s\000\040\000o\000b\000t\000e\000n\000i\000d\000o\000s}{section.5.1}% 63
\BOOKMARK [0][-]{chapter.6}{\376\377\000D\000i\000s\000c\000u\000s\000i\000\363\000n}{}% 64
\BOOKMARK [1][-]{section.6.1}{\376\377\000L\000o\000g\000r\000o\000s\000\040\000a\000l\000c\000a\000n\000z\000a\000d\000o\000s\000\040\000c\000o\000n\000\040\000r\000e\000l\000a\000c\000i\000\363\000n\000\040\000a\000\040\000l\000o\000s\000\040\000o\000b\000j\000e\000t\000i\000v\000o\000s\000\040\000e\000s\000p\000e\000c\000\355\000f\000i\000c\000o\000s}{chapter.6}% 65
\BOOKMARK [1][-]{section.6.2}{\376\377\000L\000o\000g\000r\000o\000s\000\040\000a\000l\000c\000a\000n\000z\000a\000d\000o\000s\000\040\000c\000o\000n\000\040\000r\000e\000l\000a\000c\000i\000\363\000n\000\040\000a\000l\000\040\000O\000b\000j\000e\000t\000i\000v\000o\000\040\000G\000e\000n\000e\000r\000a\000l}{chapter.6}% 66
\BOOKMARK [1][-]{section.6.3}{\376\377\000A\000n\000\341\000l\000i\000s\000i\000s\000\040\000d\000e\000\040\000l\000a\000\040\000h\000i\000p\000\363\000t\000e\000s\000i\000s}{chapter.6}% 67
\BOOKMARK [1][-]{section.6.4}{\376\377\000S\000o\000l\000u\000c\000i\000\363\000n\000\040\000a\000l\000\040\000p\000r\000o\000b\000l\000e\000m\000a\000\040\000d\000e\000\040\000i\000n\000v\000e\000s\000t\000i\000g\000a\000c\000i\000\363\000n}{chapter.6}% 68
\BOOKMARK [1][-]{section.6.5}{\376\377\000S\000u\000g\000e\000r\000e\000n\000c\000i\000a\000s\000\040\000p\000a\000r\000a\000\040\000f\000u\000t\000u\000r\000a\000s\000\040\000i\000n\000v\000e\000s\000t\000i\000g\000a\000c\000i\000o\000n\000e\000s}{chapter.6}% 69
\BOOKMARK [0][-]{section.6.5}{\376\377\000G\000l\000o\000s\000a\000r\000i\000o}{}% 70
\BOOKMARK [0][-]{section.6.5}{\376\377\000A\000n\000e\000x\000o\000s}{}% 71
\BOOKMARK [0][-]{chapter*.17}{\376\377\000A\000n\000e\000x\000o\000\040\000A\000.}{}% 72
\BOOKMARK [0][-]{chapter*.17}{\376\377\000R\000e\000f\000e\000r\000e\000n\000c\000i\000a\000s\000\040\000b\000i\000b\000l\000i\000o\000g\000r\000\341\000f\000i\000c\000a\000s}{}% 73
